============================= test session starts =============================
platform win32 -- Python 3.13.3, pytest-8.0.0, pluggy-1.6.0 -- C:\Program Files\Python313\python.exe
cachedir: .pytest_cache
rootdir: e:\Arquivos\Área de Trabalho\MestreCuca
plugins: anyio-4.11.0, cov-7.0.0, mock-3.15.1
collecting ... collected 15 items

tests/test_classifier.py::test_instantiation PASSED                      [  6%]
tests/test_classifier.py::test_n0_classification PASSED                  [ 13%]
tests/test_classifier.py::test_n1_classification PASSED                  [ 20%]
tests/test_classifier.py::test_n2_classification PASSED                  [ 26%]
tests/test_classifier.py::test_n3_classification PASSED                  [ 33%]
tests/test_classifier.py::test_n4_classification PASSED                  [ 40%]
tests/test_classifier.py::test_full_classify PASSED                      [ 46%]
tests/test_classifier.py::test_n4_keywords PASSED                        [ 53%]
tests/test_classifier.py::test_coverage PASSED                           [ 60%]
tests/test_classifier.py::test_consistency PASSED                        [ 66%]
tests/test_classifier.py::test_latency PASSED                            [ 73%]
tests/test_classifier.py::test_edge_cases PASSED                         [ 80%]
tests/test_classifier.py::test_warm_up PASSED                            [ 86%]
tests/test_classifier.py::test_data_integrity PASSED                     [ 93%]
tests/test_classifier.py::test_accuracy_sample PASSED                    [100%]

============================== warnings summary ===============================
C:\Program Files\Python313\Lib\site-packages\dateutil\tz\tz.py:37
  C:\Program Files\Python313\Lib\site-packages\dateutil\tz\tz.py:37: DeprecationWarning: datetime.datetime.utcfromtimestamp() is deprecated and scheduled for removal in a future version. Use timezone-aware objects to represent datetimes in UTC: datetime.datetime.fromtimestamp(timestamp, datetime.UTC).
    EPOCH = datetime.datetime.utcfromtimestamp(0)

tests/test_classifier.py::test_instantiation
  C:\Program Files\Python313\Lib\site-packages\_pytest\python.py:197: PytestReturnNotNoneWarning: Expected None, but tests/test_classifier.py::test_instantiation returned True, which will be an error in a future version of pytest.  Did you mean to use `assert` instead of `return`?
    warnings.warn(

tests/test_classifier.py::test_n0_classification
  C:\Program Files\Python313\Lib\site-packages\_pytest\python.py:197: PytestReturnNotNoneWarning: Expected None, but tests/test_classifier.py::test_n0_classification returned False, which will be an error in a future version of pytest.  Did you mean to use `assert` instead of `return`?
    warnings.warn(

tests/test_classifier.py::test_n1_classification
  C:\Program Files\Python313\Lib\site-packages\_pytest\python.py:197: PytestReturnNotNoneWarning: Expected None, but tests/test_classifier.py::test_n1_classification returned True, which will be an error in a future version of pytest.  Did you mean to use `assert` instead of `return`?
    warnings.warn(

tests/test_classifier.py::test_n2_classification
  C:\Program Files\Python313\Lib\site-packages\_pytest\python.py:197: PytestReturnNotNoneWarning: Expected None, but tests/test_classifier.py::test_n2_classification returned True, which will be an error in a future version of pytest.  Did you mean to use `assert` instead of `return`?
    warnings.warn(

tests/test_classifier.py::test_n3_classification
  C:\Program Files\Python313\Lib\site-packages\_pytest\python.py:197: PytestReturnNotNoneWarning: Expected None, but tests/test_classifier.py::test_n3_classification returned False, which will be an error in a future version of pytest.  Did you mean to use `assert` instead of `return`?
    warnings.warn(

tests/test_classifier.py::test_n4_classification
  C:\Program Files\Python313\Lib\site-packages\_pytest\python.py:197: PytestReturnNotNoneWarning: Expected None, but tests/test_classifier.py::test_n4_classification returned False, which will be an error in a future version of pytest.  Did you mean to use `assert` instead of `return`?
    warnings.warn(

tests/test_classifier.py::test_full_classify
  C:\Program Files\Python313\Lib\site-packages\_pytest\python.py:197: PytestReturnNotNoneWarning: Expected None, but tests/test_classifier.py::test_full_classify returned False, which will be an error in a future version of pytest.  Did you mean to use `assert` instead of `return`?
    warnings.warn(

tests/test_classifier.py::test_n4_keywords
  C:\Program Files\Python313\Lib\site-packages\_pytest\python.py:197: PytestReturnNotNoneWarning: Expected None, but tests/test_classifier.py::test_n4_keywords returned False, which will be an error in a future version of pytest.  Did you mean to use `assert` instead of `return`?
    warnings.warn(

tests/test_classifier.py::test_coverage
  C:\Program Files\Python313\Lib\site-packages\_pytest\python.py:197: PytestReturnNotNoneWarning: Expected None, but tests/test_classifier.py::test_coverage returned True, which will be an error in a future version of pytest.  Did you mean to use `assert` instead of `return`?
    warnings.warn(

tests/test_classifier.py::test_consistency
  C:\Program Files\Python313\Lib\site-packages\_pytest\python.py:197: PytestReturnNotNoneWarning: Expected None, but tests/test_classifier.py::test_consistency returned True, which will be an error in a future version of pytest.  Did you mean to use `assert` instead of `return`?
    warnings.warn(

tests/test_classifier.py::test_latency
  C:\Program Files\Python313\Lib\site-packages\_pytest\python.py:197: PytestReturnNotNoneWarning: Expected None, but tests/test_classifier.py::test_latency returned True, which will be an error in a future version of pytest.  Did you mean to use `assert` instead of `return`?
    warnings.warn(

tests/test_classifier.py::test_edge_cases
  C:\Program Files\Python313\Lib\site-packages\_pytest\python.py:197: PytestReturnNotNoneWarning: Expected None, but tests/test_classifier.py::test_edge_cases returned True, which will be an error in a future version of pytest.  Did you mean to use `assert` instead of `return`?
    warnings.warn(

tests/test_classifier.py::test_warm_up
  C:\Program Files\Python313\Lib\site-packages\_pytest\python.py:197: PytestReturnNotNoneWarning: Expected None, but tests/test_classifier.py::test_warm_up returned True, which will be an error in a future version of pytest.  Did you mean to use `assert` instead of `return`?
    warnings.warn(

tests/test_classifier.py::test_data_integrity
  C:\Program Files\Python313\Lib\site-packages\_pytest\python.py:197: PytestReturnNotNoneWarning: Expected None, but tests/test_classifier.py::test_data_integrity returned True, which will be an error in a future version of pytest.  Did you mean to use `assert` instead of `return`?
    warnings.warn(

tests/test_classifier.py::test_accuracy_sample
  C:\Program Files\Python313\Lib\site-packages\_pytest\python.py:197: PytestReturnNotNoneWarning: Expected None, but tests/test_classifier.py::test_accuracy_sample returned True, which will be an error in a future version of pytest.  Did you mean to use `assert` instead of `return`?
    warnings.warn(

-- Docs: https://docs.pytest.org/en/stable/how-to/capture-warnings.html
====================== 15 passed, 16 warnings in 40.90s =======================
